// Jest Snapshot v1, https://goo.gl/fbAQLP

exports[`<FormattedDateTimeRange> falls back and warns on invalid Intl.DateTimeFormat options 1`] = `"FORMAT_ERROR"`;
